seed 101 72.7
seed 202 134.4
seed 303 197.7
seed 404 261.8
                                med    p10    p90  P_loss  P_below_cash  dd_med  dd_p10  P_touch60  med_sd_seeds
horizon case         scen                                                                                       
5       DIY 21% 100k pess     -1.05 -12.13  11.38   54.48         64.24  -41.97  -60.40      29.09          0.06
10      DIY 21% 100k pess     -1.19  -9.21   7.62   57.26         69.73  -54.62  -74.21      48.17          0.05
5       DIY 21% 100k central   3.35  -8.21  16.30   36.08         45.49  -36.91  -54.08      16.23          0.06
10      DIY 21% 100k central   3.27  -5.05  12.40   31.08         44.29  -46.30  -65.33      26.37          0.05
5       DIY 21% 100k opt       7.93  -4.11  21.43   20.34         28.11  -32.84  -47.93       7.90          0.06
10      DIY 21% 100k opt       7.90  -0.72  17.38   12.12         20.39  -39.90  -56.56      11.74          0.05
5       DIY 12% 100k pess     -0.35  -6.71   6.45   52.74         69.42  -26.06  -40.03       5.29          0.05
10      DIY 12% 100k pess     -0.42  -5.01   4.42   54.38         76.61  -35.12  -52.26      18.37          0.04
5       DIY 12% 100k central   2.10  -4.40   9.07   34.34         51.52  -22.55  -35.01       1.97          0.05
10      DIY 12% 100k central   2.08  -2.62   7.01   28.71         52.33  -29.08  -44.04       6.38          0.04
5       DIY 12% 100k opt       4.62  -2.04  11.75   19.00         33.20  -20.04  -30.51       0.56          0.05
10      DIY 12% 100k opt       4.62  -0.18   9.66   10.85         26.89  -24.64  -36.86       1.72          0.04
5       DIY 21% 250k pess      0.21 -11.92  13.17   49.14         58.53  -41.71  -61.41      28.16          0.12
10      DIY 21% 250k pess     -0.04  -8.76   9.21   50.24         62.63  -54.08  -74.35      44.69          0.05
5       DIY 21% 250k central   4.84  -7.84  18.39   31.73         40.24  -37.04  -55.38      16.37          0.13
10      DIY 21% 250k central   4.60  -4.48  14.27   25.94         37.28  -46.66  -66.16      24.92          0.05
5       DIY 21% 250k opt       9.21  -3.98  23.32   19.01         25.76  -33.36  -50.09       9.14          0.13
10      DIY 21% 250k opt       8.98  -0.45  19.03   11.04         18.34  -41.34  -58.85      12.96          0.05
5       DIY 12% 250k pess      1.09  -5.34   7.98   41.47         59.35  -23.82  -36.80       2.72          0.03
10      DIY 12% 250k pess      1.04  -3.51   5.92   38.72         63.23  -31.27  -47.06       9.78          0.03
5       DIY 12% 250k central   3.56  -3.02  10.62   24.80         40.47  -20.89  -32.01       0.83          0.03
10      DIY 12% 250k central   3.52  -1.13   8.51   16.66         37.11  -26.22  -39.50       2.82          0.03
5       DIY 12% 250k opt       6.09  -0.65  13.31   12.46         23.95  -18.50  -27.81       0.21          0.03
10      DIY 12% 250k opt       6.06   1.30  11.16    5.18         15.63  -22.48  -33.20       0.59          0.03
5       DIY 21% 1M   pess      0.69 -11.86  14.49   47.32         56.21  -41.55  -61.02      27.62          0.08
10      DIY 21% 1M   pess      0.55  -8.39  10.15   46.94         59.54  -53.81  -74.00      43.01          0.01
5       DIY 21% 1M   central   5.55  -7.60  20.01   30.12         38.07  -36.47  -54.73      15.43          0.09
10      DIY 21% 1M   central   5.41  -3.96  15.47   23.31         33.82  -46.05  -65.35      23.48          0.01
5       DIY 21% 1M   opt      10.17  -3.55  25.26   17.40         23.50  -32.61  -49.11       8.12          0.09
10      DIY 21% 1M   opt      10.03   0.26  20.52    9.35         15.78  -40.42  -57.67      11.59          0.02
5       DIY 12% 1M   pess      1.99  -5.17   9.25   36.29         52.27  -23.61  -37.76       3.31          0.04
10      DIY 12% 1M   pess      1.90  -3.19   7.04   31.69         53.98  -31.14  -47.72       9.58          0.04
5       DIY 12% 1M   central   4.72  -2.62  12.18   20.63         33.78  -20.64  -32.95       1.14          0.04
10      DIY 12% 1M   central   4.64  -0.59   9.90   12.83         28.32  -26.30  -40.34       2.89          0.04
5       DIY 12% 1M   opt       7.27  -0.25  14.90   10.76         19.99  -18.35  -29.02       0.36          0.04
10      DIY 12% 1M   opt       7.18   1.83  12.58    4.22         12.19  -23.01  -34.89       0.78          0.04
5       ETF          pess      2.82  -3.60  10.10   29.38         46.15  -22.65  -33.23        NaN          0.09
10      ETF          pess      2.82  -1.72   7.80   21.54         44.34  -28.18  -40.93        NaN          0.03
5       ETF          central   4.68  -1.85  12.10   18.41         32.71  -20.49  -30.03        NaN          0.09
10      ETF          central   4.69   0.07   9.76    9.69         25.87  -25.13  -35.81        NaN          0.03
5       ETF          opt       6.58  -0.06  14.13   10.22         21.05  -18.76  -27.23        NaN          0.09
10      ETF          opt       6.59   1.88  11.75    3.24         12.22  -22.67  -31.81        NaN          0.03
5       100% sp      pess      3.79  -7.01  13.11   32.22         42.72  -32.41  -52.48        NaN          0.14
10      100% sp      pess      3.49  -4.00  10.42   27.12         41.70  -41.97  -62.29        NaN          0.09
5       70/30 sp     pess      3.77  -3.02  10.31   23.62         38.84  -23.23  -34.66        NaN          0.04
10      70/30 sp     pess      3.71  -1.03   8.42   15.74         35.14  -27.72  -41.77        NaN          0.05
5       100% sp      central   6.30  -4.77  15.84   23.08         31.73  -32.26  -49.86        NaN          0.15
10      100% sp      central   5.99  -1.68  13.08   15.62         26.49  -39.77  -58.23        NaN          0.09
5       70/30 sp     central   6.09  -0.86  12.78   13.12         24.01  -21.34  -31.66        NaN          0.04
10      70/30 sp     central   6.03   1.18  10.85    5.72         16.19  -26.37  -37.10        NaN          0.05
5       100% sp      opt       8.31  -2.97  18.02   17.03         24.44  -32.12  -47.89        NaN          0.15
10      100% sp      opt       7.99   0.18  15.22    9.50         17.29  -38.64  -55.44        NaN          0.10
5       70/30 sp     opt       8.07   0.98  14.89    7.28         14.81  -20.07  -29.43        NaN          0.04
10      70/30 sp     opt       8.01   3.06  12.92    1.95          7.00  -25.90  -33.84        NaN          0.05
5       100% nq      pess      4.10 -11.44  16.55   35.77         43.50  -39.26  -67.33        NaN          0.22
10      100% nq      pess      3.43  -7.33  12.82   33.28         44.17  -53.11  -77.55        NaN          0.16
5       70/30 nq     pess      4.21  -5.47  12.62   27.77         39.28  -27.24  -46.94        NaN          0.07
10      70/30 nq     pess      4.03  -2.76  10.12   22.06         36.82  -35.96  -56.20        NaN          0.09
5       100% nq      central   6.62  -9.30  19.37   28.81         35.39  -37.61  -66.02        NaN          0.23
10      100% nq      central   5.93  -5.09  15.54   24.03         32.87  -51.23  -75.08        NaN          0.17
5       70/30 nq     central   6.54  -3.38  15.15   18.98         28.09  -25.65  -44.53        NaN          0.08
10      70/30 nq     central   6.36  -0.60  12.59   12.06         22.43  -33.73  -52.57        NaN          0.09
5       100% nq      opt       8.63  -7.59  21.62   24.00         29.90  -36.46  -64.69        NaN          0.23
10      100% nq      opt       7.93  -3.30  17.72   17.93         25.48  -49.78  -73.20        NaN          0.17
5       70/30 nq     opt       8.53  -1.58  17.30   13.61         20.53  -24.59  -42.74        NaN          0.08
10      70/30 nq     opt       8.34   1.25  14.69    6.68         13.57  -32.28  -49.94        NaN          0.10
done 261.9
