seed 101 29.1
seed 202 48.7
seed 303 69.1
seed 404 90.5
FRESH 4x10k mean:
                med   p10    p90  P_loss  P_below_cash  dd_med  dd_p10  P_touch60  mean_log  med_sd_across_seeds
case                                                                                                           
DIY 21% 100k  3.27 -5.05  12.40   31.08         44.29  -46.30  -65.33      26.37      3.24                 0.05
DIY 21% 250k  4.60 -4.48  14.27   25.94         37.28  -46.66  -66.16      24.92      4.44                 0.05
DIY 21% 1M    5.41 -3.96  15.47   23.31         33.82  -46.05  -65.35      23.48      5.23                 0.01
DIY 12% 100k  2.08 -2.62   7.01   28.71         52.33  -29.08  -44.04       6.38      2.07                 0.04
DIY 12% 250k  3.52 -1.13   8.51   16.66         37.11  -26.22  -39.50       2.82      3.49                 0.03
DIY 12% 1M    4.64 -0.59   9.90   12.83         28.32  -26.30  -40.34       2.89      4.47                 0.04
ETF           4.69  0.07   9.76    9.69         25.87  -25.13  -35.81        NaN      4.66                 0.03
100% sp       5.99 -1.68  13.08   15.62         26.49  -39.77  -58.23        NaN      5.50                 0.09
70/30 sp      6.03  1.18  10.85    5.72         16.19  -26.37  -37.10        NaN      5.77                 0.05
100% nq       5.93 -5.09  15.54   24.03         32.87  -51.23  -75.08        NaN      5.08                 0.17
70/30 nq      6.36 -0.60  12.59   12.06         22.43  -33.73  -52.57        NaN      5.83                 0.09
GAUSS:
                med   p10    p90  P_loss  P_below_cash  dd_med  dd_p10  P_touch60  mean_log
case                                                                                      
DIY 21% 100k  3.11 -5.56  12.65   32.90         45.42  -47.89  -67.44      30.27      3.08
DIY 21% 250k  4.48 -4.24  14.05   26.33         37.87  -46.02  -64.77      25.02      4.38
DIY 21% 1M    5.38 -3.35  14.82   22.31         32.94  -44.79  -63.43      21.89      5.22
DIY 12% 100k  2.07 -2.88   7.24   30.23         52.50  -30.10  -45.85       8.22      2.02
DIY 12% 250k  3.54 -1.35   8.80   17.39         37.72  -27.24  -41.57       3.92      3.51
DIY 12% 1M    4.48 -0.47   9.71   12.48         29.01  -25.74  -39.45       2.71      4.40
ETF           4.75 -0.15  10.03   10.80         26.73  -25.51  -38.61        NaN      4.67
100% sp       5.75 -2.43  14.39   18.68         30.17  -40.71  -58.55        NaN      5.52
70/30 sp      6.00  0.12  12.23    9.43         21.86  -28.41  -42.18        NaN      5.82
100% nq       5.16 -4.92  16.73   25.48         35.98  -51.42  -70.32        NaN      5.13
70/30 nq      5.86 -1.29  14.09   15.08         26.71  -36.43  -52.66        NaN      5.81
done 114.9
